Need to install the following packages:
next@16.2.1
Ok to proceed? (y) 
npm error code ETIMEDOUT
npm error syscall read
npm error errno -60
npm error network read ETIMEDOUT
npm error network This is a problem related to network connectivity.
npm error network In most cases you are behind a proxy or have bad network settings.
npm error network
npm error network If you are behind a proxy, please make sure that the
npm error network 'proxy' config is set properly.  See: 'npm help config'
npm error A complete log of this run can be found in: /Users/tercioalmeida/.npm/_logs/2026-03-27T06_50_19_675Z-debug-0.log
